1757867504,,,http://rhsbjv7k.tvclub.xyz/iptv/X3SB52VH9P584RLVQNY5ARNB/20219/index.m3u8,86
1757867647,,,http://rhsbjv7k.tvclub.xyz/iptv/X3SB52VH9P584RLVQNY5ARNB/20219/index.m3u8,86
1757868736,24,Sky Sports News HD 50 UK,http://rhsbjv7k.tvclub.xyz/iptv/3G86VGDV4TLZSA/9314/index.m3u8,101
1757868988,24,Sky Sports News HD 50 UK,http://rhsbjv7k.tvclub.xyz/iptv/3G86VGDV4TLZSA/9314/index.m3u8,101
1757869387,24,Sky Sports News HD 50 UK,http://rhsbjv7k.tvclub.xyz/iptv/3G86VGDV4TLZSA/9314/index.m3u8,101
1757869831,24,Sky Sports News HD 50 UK,http://rhsbjv7k.tvclub.xyz/iptv/3G86VGDV4TLZSA/9314/index.m3u8,101
1757869879,24,Sky Sports News HD 50 UK,http://rhsbjv7k.tvclub.xyz/iptv/3G86VGDV4TLZSA/9314/index.m3u8,101
1757869932,24,Sky Sports News HD 50 UK,http://rhsbjv7k.tvclub.xyz/iptv/3G86VGDV4TLZSA/9314/index.m3u8,101
1757869938,33,Экоспаскоми (Коми),http://rhsbjv7k.tvclub.xyz/iptv/3G86VGDV4TLZSA/17018/index.m3u8,111
1757870067,,,http://rhsbjv7k.tvclub.xyz/iptv/X3SB52VH9P584RLVQNY5ARNB/20219/index.m3u8,86
1757870181,,,http://rhsbjv7k.tvclub.xyz/iptv/X3SB52VH9P584RLVQNY5ARNB/20219/index.m3u8,86
1757871572,,,http://rhsbjv7k.tvclub.xyz/iptv/X3SB52VH9P584RLVQNY5ARNB/20219/index.m3u8,86
1757872426,,,http://rhsbjv7k.tvclub.xyz/iptv/X3SB52VH9P584RLVQNY5ARNB/20219/index.m3u8,86
1757872510,,,http://rhsbjv7k.tvclub.xyz/iptv/X3SB52VH9P584RLVQNY5ARNB/20219/index.m3u8,86
1757872642,,,http://rhsbjv7k.tvclub.xyz/iptv/X3SB52VH9P584RLVQNY5ARNB/20219/index.m3u8,86
1757872729,,,http://rhsbjv7k.tvclub.xyz/iptv/X3SB52VH9P584RLVQNY5ARNB/20219/index.m3u8,86
1757872989,33,Экоспаскоми (Коми),http://rhsbjv7k.tvclub.xyz/iptv/3G86VGDV4TLZSA/17018/index.m3u8,111
1757873176,56,Человек-паук: Вдали от дома (2019),https://vod.plvideo.ru/FbZEopwh/0GRdptsjAb/zE2SWKS3V_Lr9kGrgfX/ZX,136
1757873188,56,Человек-паук: Вдали от дома (2019),https://vod.plvideo.ru/FbZEopwh/0GRdptsjAb/zE2SWKS3V_Lr9kGrgfX/ZX,136
1757874201,138,Мурашки от этой песни! Душу рвет! Послушайте! НЕЗНАКОМКА Вячеслав Сидоренко,https://www.youtube.com/watch?v=SSFGmtdEtms,197
1757874432,138,Мурашки от этой песни! Душу рвет! Послушайте! НЕЗНАКОМКА Вячеслав Сидоренко,https://www.youtube.com/watch?v=SSFGmtdEtms,197
1757876679,138,Мурашки от этой песни! Душу рвет! Послушайте! НЕЗНАКОМКА Вячеслав Сидоренко,https://www.youtube.com/watch?v=SSFGmtdEtms,197
1757876701,139,По битому стеклу - Мужской крик души. Песня, которая пробирает до мурашек (2025),https://youtu.be/YbwwyY9n2PI?si=DezPp6umkTOYfcDF,203
1757876826,43,Clea.gaultier.sexy.lingerie.dp.threesome.4k,https://vkvideo.ru/video-226828199_456240089,102
1757877819,43,Clea.gaultier.sexy.lingerie.dp.threesome.4k,https://vkvideo.ru/video-226828199_456240089,102
1757877843,43,Clea.gaultier.sexy.lingerie.dp.threesome.4k,https://vkvideo.ru/video-226828199_456240089,102
1757877898,43,Clea.gaultier.sexy.lingerie.dp.threesome.4k,https://vkvideo.ru/video-226828199_456240089,102
1757877909,19,Alisa-Kovi-GL317-4K,https://vkvideo.ru/video-226828199_456239234,78
1757878028,56,Человек-паук: Вдали от дома (2019),https://vod.plvideo.ru/FbZEopwh/0GRdptsjAb/zE2SWKS3V_Lr9kGrgfX/ZX,136
1757878081,23,Мстители (2012),https://vod.plvideo.ru/FbZEopwh/zaA4EcW22E/zE2SWKShtiO58I9aBDT/ZX,103
1757878540,,,http://rhsbjv7k.tvclub.xyz/iptv/X3SB52VH9P584RLVQNY5ARNB/20219/index.m3u8,86
1757878548,23,VF Граиндхаус,http://rhsbjv7k.tvclub.xyz/iptv/X3SB52VH9P584RLVQNY5ARNB/14158/index.m3u8,111
1757878552,7,Playboy,http://rhsbjv7k.tvclub.xyz/iptv/X3SB52VH9P584RLVQNY5ARNB/527/index.m3u8,92
1757878558,11,Redlight HD,http://rhsbjv7k.tvclub.xyz/iptv/X3SB52VH9P584RLVQNY5ARNB/242/index.m3u8,97
1757878563,10,Hustler HD,http://rhsbjv7k.tvclub.xyz/iptv/X3SB52VH9P584RLVQNY5ARNB/244/index.m3u8,96
1757878567,12,Vivid Red HD,http://rhsbjv7k.tvclub.xyz/iptv/X3SB52VH9P584RLVQNY5ARNB/2162/index.m3u8,99
1757878574,18,Extasy Platinum 4K,http://rhsbjv7k.tvclub.xyz/iptv/X3SB52VH9P584RLVQNY5ARNB/5014/index.m3u8,105
1757878609,6,Tiny4K,http://rhsbjv7k.tvclub.xyz/iptv/X3SB52VH9P584RLVQNY5ARNB/6258/index.m3u8,92
1757878617,9,Cum4k UHD,http://rhsbjv7k.tvclub.xyz/iptv/X3SB52VH9P584RLVQNY5ARNB/12157/index.m3u8,96
1757880748,,,/mnt/sdd/`Test/[SUHD_HDR]Chasing_the_Light.ts,58
1757923496,5,H2 HD,http://127.0.0.1:6878/ace/getstream?id=88e804faf482b3caa0a680c931bdd1578c4bfbee,98
1757923521,29,Остросюжетное HD,http://127.0.0.1:6878/ace/getstream?id=6f294641e0d31c8c09e11a79bde0e2b2a28fb4f5,123
1757924658,,,/home/safe/.config/mpv/doc/mpbindings.png,54
1757924772,,,/home/safe/.config/mpv/doc/mpbindings.png,54
1757924833,,,/home/safe/.config/mpv/doc/mpbindings.png,54
1757926760,,,/home/safe/.config/mpv/doc/mpbindings.png,54
1757927517,,,/home/safe/.config/mpv/doc/mpbindings.png,54
1757927605,,,/home/safe/.config/mpv/doc/mpbindings.png,54
1757928355,9,Cum4k UHD,http://rhsbjv7k.tvclub.xyz/iptv/X3SB52VH9P584RLVQNY5ARNB/12157/index.m3u8,96
1757928365,14,Cum Perfection,http://rhsbjv7k.tvclub.xyz/iptv/X3SB52VH9P584RLVQNY5ARNB/12158/index.m3u8,102
1757928369,10,MetArt FHD,http://rhsbjv7k.tvclub.xyz/iptv/X3SB52VH9P584RLVQNY5ARNB/12160/index.m3u8,98
1757928371,10,Bratty Sis,http://rhsbjv7k.tvclub.xyz/iptv/X3SB52VH9P584RLVQNY5ARNB/12161/index.m3u8,98
1757928374,18,Brand New Amateurs,http://rhsbjv7k.tvclub.xyz/iptv/X3SB52VH9P584RLVQNY5ARNB/12162/index.m3u8,106
1757928377,10,Beate Uhse,http://rhsbjv7k.tvclub.xyz/iptv/X3SB52VH9P584RLVQNY5ARNB/12163/index.m3u8,98
1757928380,7,BBC Pie,http://rhsbjv7k.tvclub.xyz/iptv/X3SB52VH9P584RLVQNY5ARNB/12164/index.m3u8,94
1757928383,15,Barely Legal TV,http://rhsbjv7k.tvclub.xyz/iptv/X3SB52VH9P584RLVQNY5ARNB/12165/index.m3u8,103
1757928455,,,/home/safe/.config/mpv/doc/mpbindings.png,54
1757928480,,,/home/safe/.config/mpv/doc/mpbindings.png,54
1757928486,15,Barely Legal TV,http://rhsbjv7k.tvclub.xyz/iptv/X3SB52VH9P584RLVQNY5ARNB/12165/index.m3u8,103
1757928524,8,Bang POV,http://rhsbjv7k.tvclub.xyz/iptv/X3SB52VH9P584RLVQNY5ARNB/12166/index.m3u8,95
1757928527,8,Bang Bus,http://rhsbjv7k.tvclub.xyz/iptv/X3SB52VH9P584RLVQNY5ARNB/12167/index.m3u8,95
1757928529,12,Banana Fever,http://rhsbjv7k.tvclub.xyz/iptv/X3SB52VH9P584RLVQNY5ARNB/12168/index.m3u8,100
1757928533,8,Bang Bus,http://rhsbjv7k.tvclub.xyz/iptv/X3SB52VH9P584RLVQNY5ARNB/12167/index.m3u8,95
1757928535,8,Bang POV,http://rhsbjv7k.tvclub.xyz/iptv/X3SB52VH9P584RLVQNY5ARNB/12166/index.m3u8,95
1757928537,15,Barely Legal TV,http://rhsbjv7k.tvclub.xyz/iptv/X3SB52VH9P584RLVQNY5ARNB/12165/index.m3u8,103
1757928639,,,/home/safe/.config/mpv/doc/mpbindings.png,54
1757928745,,,/home/safe/.config/mpv/doc/mpbindings.png,54
1757928756,,,/home/safe/.config/mpv/scripts/node_modules/charset/coverage/lcov-report/sort-arrow-sprite.png,107
1757928763,,,/home/safe/.config/mpv/scripts/node_modules/ecstatic/example/public/turtle.png,91
1757928772,,,/home/safe/.config/mpv/scripts/node_modules/node-ssdp/coverage/lcov-report/sort-arrow-sprite.png,109
1757929109,15,Barely Legal TV,http://rhsbjv7k.tvclub.xyz/iptv/X3SB52VH9P584RLVQNY5ARNB/12165/index.m3u8,103
1757929115,7,BBC Pie,http://rhsbjv7k.tvclub.xyz/iptv/X3SB52VH9P584RLVQNY5ARNB/12164/index.m3u8,94
1757929118,10,Beate Uhse,http://rhsbjv7k.tvclub.xyz/iptv/X3SB52VH9P584RLVQNY5ARNB/12163/index.m3u8,98
1757929121,18,Brand New Amateurs,http://rhsbjv7k.tvclub.xyz/iptv/X3SB52VH9P584RLVQNY5ARNB/12162/index.m3u8,106
1757929125,10,Bratty Sis,http://rhsbjv7k.tvclub.xyz/iptv/X3SB52VH9P584RLVQNY5ARNB/12161/index.m3u8,98
1757929127,10,MetArt FHD,http://rhsbjv7k.tvclub.xyz/iptv/X3SB52VH9P584RLVQNY5ARNB/12160/index.m3u8,98
1757929130,14,Cum Perfection,http://rhsbjv7k.tvclub.xyz/iptv/X3SB52VH9P584RLVQNY5ARNB/12158/index.m3u8,102
1757929132,9,Cum4k UHD,http://rhsbjv7k.tvclub.xyz/iptv/X3SB52VH9P584RLVQNY5ARNB/12157/index.m3u8,96
1757929136,14,Family Strokes,http://rhsbjv7k.tvclub.xyz/iptv/X3SB52VH9P584RLVQNY5ARNB/12156/index.m3u8,102
1757929140,11,Family Swap,http://rhsbjv7k.tvclub.xyz/iptv/X3SB52VH9P584RLVQNY5ARNB/12155/index.m3u8,99
1757929628,11,Family Swap,http://rhsbjv7k.tvclub.xyz/iptv/X3SB52VH9P584RLVQNY5ARNB/12155/index.m3u8,99
1757929645,19,Alisa-Kovi-GL317-4K,https://vkvideo.ru/video-226828199_456239234,78
1757929662,23,Мстители (2012),https://vod.plvideo.ru/FbZEopwh/zaA4EcW22E/zE2SWKShtiO58I9aBDT/ZX,103
1757929817,,,/home/safe/.config/mpv/doc/mpbindings.png,54
1757929823,,,/home/safe/.config/mpv/scripts/node_modules/node-ssdp/coverage/lcov-report/sort-arrow-sprite.png,109
1757929901,11,Family Swap,http://rhsbjv7k.tvclub.xyz/iptv/X3SB52VH9P584RLVQNY5ARNB/12155/index.m3u8,99
1757929909,14,Family Strokes,http://rhsbjv7k.tvclub.xyz/iptv/X3SB52VH9P584RLVQNY5ARNB/12156/index.m3u8,102
1757929912,9,Cum4k UHD,http://rhsbjv7k.tvclub.xyz/iptv/X3SB52VH9P584RLVQNY5ARNB/12157/index.m3u8,96
1757929915,14,Cum Perfection,http://rhsbjv7k.tvclub.xyz/iptv/X3SB52VH9P584RLVQNY5ARNB/12158/index.m3u8,102
1757929918,10,MetArt FHD,http://rhsbjv7k.tvclub.xyz/iptv/X3SB52VH9P584RLVQNY5ARNB/12160/index.m3u8,98
1757929924,10,Bratty Sis,http://rhsbjv7k.tvclub.xyz/iptv/X3SB52VH9P584RLVQNY5ARNB/12161/index.m3u8,98
1757929928,10,MetArt FHD,http://rhsbjv7k.tvclub.xyz/iptv/X3SB52VH9P584RLVQNY5ARNB/12160/index.m3u8,98
1757929936,10,Bratty Sis,http://rhsbjv7k.tvclub.xyz/iptv/X3SB52VH9P584RLVQNY5ARNB/12161/index.m3u8,98
1757929937,18,Brand New Amateurs,http://rhsbjv7k.tvclub.xyz/iptv/X3SB52VH9P584RLVQNY5ARNB/12162/index.m3u8,106
1757929940,10,Beate Uhse,http://rhsbjv7k.tvclub.xyz/iptv/X3SB52VH9P584RLVQNY5ARNB/12163/index.m3u8,98
1757929941,7,BBC Pie,http://rhsbjv7k.tvclub.xyz/iptv/X3SB52VH9P584RLVQNY5ARNB/12164/index.m3u8,94
1757929944,15,Barely Legal TV,http://rhsbjv7k.tvclub.xyz/iptv/X3SB52VH9P584RLVQNY5ARNB/12165/index.m3u8,103
1757929947,8,Bang POV,http://rhsbjv7k.tvclub.xyz/iptv/X3SB52VH9P584RLVQNY5ARNB/12166/index.m3u8,95
1757929950,8,Bang Bus,http://rhsbjv7k.tvclub.xyz/iptv/X3SB52VH9P584RLVQNY5ARNB/12167/index.m3u8,95
1757930020,8,Bang Bus,http://rhsbjv7k.tvclub.xyz/iptv/X3SB52VH9P584RLVQNY5ARNB/12167/index.m3u8,95
1757930023,12,Banana Fever,http://rhsbjv7k.tvclub.xyz/iptv/X3SB52VH9P584RLVQNY5ARNB/12168/index.m3u8,100
1757930029,13,Asshole Fever,http://rhsbjv7k.tvclub.xyz/iptv/X3SB52VH9P584RLVQNY5ARNB/12169/index.m3u8,101
1757930213,,,/home/safe/.config/mpv/doc/mpbindings.png,54
1757930314,13,Asshole Fever,http://rhsbjv7k.tvclub.xyz/iptv/X3SB52VH9P584RLVQNY5ARNB/12169/index.m3u8,101
1757930337,10,Ass Parade,http://rhsbjv7k.tvclub.xyz/iptv/X3SB52VH9P584RLVQNY5ARNB/12178/index.m3u8,98
1757930340,9,Anal Time,http://rhsbjv7k.tvclub.xyz/iptv/X3SB52VH9P584RLVQNY5ARNB/12181/index.m3u8,96
1757930342,16,Anal Teen Angels,http://rhsbjv7k.tvclub.xyz/iptv/X3SB52VH9P584RLVQNY5ARNB/12183/index.m3u8,104
1757940932,,,/home/safe/disk_kom/freedownloadmanager/icon.png,61
1757941444,,,/home/safe/disk_kom/freedownloadmanager/icon.png,61
1757954734,,,/home/safe/Загрузки/jinx-league-of-legends-ai-art-5k-x1-3840x2160.jpg,90
1757954783,29,Остросюжетное HD,http://127.0.0.1:6878/ace/getstream?id=6f294641e0d31c8c09e11a79bde0e2b2a28fb4f5,123
1757955057,,,/home/safe/Загрузки/jinx-league-of-legends-ai-art-5k-x1-3840x2160.jpg,90
1757955115,,,/home/safe/Загрузки/jinx-league-of-legends-ai-art-5k-x1-3840x2160.jpg,90
1757955330,,,/home/safe/Загрузки/jinx-league-of-legends-ai-art-5k-x1-3840x2160.jpg,90
1757955816,139,По битому стеклу - Мужской крик души. Песня, которая пробирает до мурашек (2025),https://youtu.be/YbwwyY9n2PI?si=DezPp6umkTOYfcDF,203
1757956956,139,По битому стеклу - Мужской крик души. Песня, которая пробирает до мурашек (2025),https://youtu.be/YbwwyY9n2PI?si=DezPp6umkTOYfcDF,203
1757957043,,,/home/safe/Downloads/yt-dlp/._2025-YbwwyY9n2PI.mkv,63
1757957104,29,Опустошение (2025),https://vod.plvideo.ru/FbZEopwh/cXyXEGJ0A4/zE2SWKSCv665aZH0xas/ZX,109
1757957141,24,Sky Sports News HD 50 UK,http://rhsbjv7k.tvclub.xyz/iptv/3G86VGDV4TLZSA/9314/index.m3u8,101
1757957152,33,Экоспаскоми (Коми),http://rhsbjv7k.tvclub.xyz/iptv/3G86VGDV4TLZSA/17018/index.m3u8,111
1757957160,22,Viasat Kino Megahit HD,http://rhsbjv7k.tvclub.xyz/iptv/3G86VGDV4TLZSA/14141/index.m3u8,100
1757957164,16,Viasat Serial HD,http://rhsbjv7k.tvclub.xyz/iptv/3G86VGDV4TLZSA/17056/index.m3u8,94
1757957174,16,BCU TruMotion HD,http://rhsbjv7k.tvclub.xyz/iptv/3G86VGDV4TLZSA/17054/index.m3u8,94
1757957193,,,http://rhsbjv7k.tvclub.xyz/iptv/X3SB52VH9P584RLVQNY5ARNB/20219/index.m3u8,86
1757957208,12,Exxxotica HD,http://rhsbjv7k.tvclub.xyz/iptv/X3SB52VH9P584RLVQNY5ARNB/2397/index.m3u8,99
1757957212,9,SexArt HD,http://rhsbjv7k.tvclub.xyz/iptv/X3SB52VH9P584RLVQNY5ARNB/6165/index.m3u8,95
1757957255,10,ТНТ4 HD,http://127.0.0.1:6878/ace/getstream?id=da27959a3e9ee97647df5aadd056021099e2d845,104
1757957258,9,ТНТ HD,http://127.0.0.1:6878/ace/getstream?id=caa3dad746d80a887e8a259f1c7c2eead749094b,102
1757957270,10,ТНТ4 HD,http://127.0.0.1:6878/ace/getstream?id=da27959a3e9ee97647df5aadd056021099e2d845,104
1757957289,10,ТНТ4 HD,http://127.0.0.1:6878/ace/getstream?id=da27959a3e9ee97647df5aadd056021099e2d845,104
1757957316,12,Anya.krey.4k,https://vkvideo.ru/video-226828199_456240083,71
1757957349,32,DontPeek_s01_AngelinaDiamanti_4k,https://vkvideo.ru/video-226828199_456239419,91
1757957460,16,BCU TruMotion HD,http://rhsbjv7k.tvclub.xyz/iptv/3G86VGDV4TLZSA/17054/index.m3u8,94
1757957542,26,Viju TV1000 Русское,http://rhsbjv7k.tvclub.xyz/iptv/3G86VGDV4TLZSA/101/index.m3u8,102
1757957548,16,BCU TruMotion HD,http://rhsbjv7k.tvclub.xyz/iptv/3G86VGDV4TLZSA/17054/index.m3u8,94
1757958079,24,Sky Sports News HD 50 UK,http://rhsbjv7k.tvclub.xyz/iptv/3G86VGDV4TLZSA/9314/index.m3u8,101
1757958138,24,Sky Sports News HD 50 UK,http://rhsbjv7k.tvclub.xyz/iptv/3G86VGDV4TLZSA/9314/index.m3u8,101
1757958268,24,Sky Sports News HD 50 UK,http://rhsbjv7k.tvclub.xyz/iptv/3G86VGDV4TLZSA/9314/index.m3u8,101
1757958277,,,http://rhsbjv7k.tvclub.xyz/iptv/3G86VGDV4TLZSA/9314/index.m3u8,75
1757958280,,,http://rhsbjv7k.tvclub.xyz/iptv/3G86VGDV4TLZSA/9314/index.m3u8,75
1759179698,9,Exotic 4k,http://rhsbjv7k.tvclub.xyz/iptv/X3SB52VH9P584RLVQNY5ARNB/12107/index.m3u8,96
1759179706,22,Pornbox Pure Mature HD,http://rhsbjv7k.tvclub.xyz/iptv/X3SB52VH9P584RLVQNY5ARNB/12112/index.m3u8,110
1759179708,21,Brazzers TV Europe HD,http://rhsbjv7k.tvclub.xyz/iptv/X3SB52VH9P584RLVQNY5ARNB/12113/index.m3u8,109
1759179717,14,Fashion TV FHD,http://rhsbjv7k.tvclub.xyz/iptv/X3SB52VH9P584RLVQNY5ARNB/2411/index.m3u8,101
1759179729,14,Fashion TV FHD,http://rhsbjv7k.tvclub.xyz/iptv/X3SB52VH9P584RLVQNY5ARNB/2411/index.m3u8,101
1759181080,14,Fashion TV FHD,http://rhsbjv7k.tvclub.xyz/iptv/X3SB52VH9P584RLVQNY5ARNB/2411/index.m3u8,101
1759181088,,,http://rhsbjv7k.tvclub.xyz/iptv/X3SB52VH9P584RLVQNY5ARNB/20219/index.m3u8,86
1759181415,17,Шрек 2 (2004),https://vod.plvideo.ru/FbZEopwh/cXyXEGJ0A4/zE2SWKS6fKdKbyrGfPe/ZX,97
1759181586,12,Eye Drive HD,http://rhsbjv7k.tvclub.xyz/iptv/X3SB52VH9P584RLVQNY5ARNB/20219/index.m3u8,100
1759181603,12,Eye Drive HD,http://rhsbjv7k.tvclub.xyz/iptv/X3SB52VH9P584RLVQNY5ARNB/20219/index.m3u8,100
1759181760,,,http://rhsbjv7k.tvclub.xyz/iptv/X3SB52VH9P584RLVQNY5ARNB/20219/index.m3u8,86
1759181770,23,VF Граиндхаус,http://rhsbjv7k.tvclub.xyz/iptv/X3SB52VH9P584RLVQNY5ARNB/14158/index.m3u8,111
1759181771,7,Playboy,http://rhsbjv7k.tvclub.xyz/iptv/X3SB52VH9P584RLVQNY5ARNB/527/index.m3u8,92
1759181772,11,Eromania 4K,http://rhsbjv7k.tvclub.xyz/iptv/X3SB52VH9P584RLVQNY5ARNB/10049/index.m3u8,99
1759181773,23,Русская Ночь,http://rhsbjv7k.tvclub.xyz/iptv/X3SB52VH9P584RLVQNY5ARNB/147/index.m3u8,109
1759181774,31,Brazzers TV Europe Россия,http://rhsbjv7k.tvclub.xyz/iptv/X3SB52VH9P584RLVQNY5ARNB/910/index.m3u8,117
1759181776,12,Blue Hustler,http://rhsbjv7k.tvclub.xyz/iptv/X3SB52VH9P584RLVQNY5ARNB/1064/index.m3u8,99
1759181777,11,Redlight HD,http://rhsbjv7k.tvclub.xyz/iptv/X3SB52VH9P584RLVQNY5ARNB/242/index.m3u8,97
1759181778,10,Private TV,http://rhsbjv7k.tvclub.xyz/iptv/X3SB52VH9P584RLVQNY5ARNB/243/index.m3u8,96
1759181779,10,Hustler HD,http://rhsbjv7k.tvclub.xyz/iptv/X3SB52VH9P584RLVQNY5ARNB/244/index.m3u8,96
1759181780,12,Dorcel TV HD,http://rhsbjv7k.tvclub.xyz/iptv/X3SB52VH9P584RLVQNY5ARNB/245/index.m3u8,98
1759181782,8,Babes TV,http://rhsbjv7k.tvclub.xyz/iptv/X3SB52VH9P584RLVQNY5ARNB/2161/index.m3u8,94
1759181783,12,Vivid Red HD,http://rhsbjv7k.tvclub.xyz/iptv/X3SB52VH9P584RLVQNY5ARNB/2162/index.m3u8,99
1759181784,12,Exxxotica HD,http://rhsbjv7k.tvclub.xyz/iptv/X3SB52VH9P584RLVQNY5ARNB/2397/index.m3u8,99
1759181785,3,XXL,http://rhsbjv7k.tvclub.xyz/iptv/X3SB52VH9P584RLVQNY5ARNB/5009/index.m3u8,89
1759181787,20,Penthouse Passion HD,http://rhsbjv7k.tvclub.xyz/iptv/X3SB52VH9P584RLVQNY5ARNB/5010/index.m3u8,107
1759181788,17,Penthouse Gold HD,http://rhsbjv7k.tvclub.xyz/iptv/X3SB52VH9P584RLVQNY5ARNB/5011/index.m3u8,104
1759181789,23,Penthouse Reality TV HD,http://rhsbjv7k.tvclub.xyz/iptv/X3SB52VH9P584RLVQNY5ARNB/5012/index.m3u8,110
1759181790,24,Penthouse Reality TV FHD,http://rhsbjv7k.tvclub.xyz/iptv/X3SB52VH9P584RLVQNY5ARNB/5013/index.m3u8,111
1759181791,18,Extasy Platinum 4K,http://rhsbjv7k.tvclub.xyz/iptv/X3SB52VH9P584RLVQNY5ARNB/5014/index.m3u8,105
1759181792,9,Eroxxx HD,http://rhsbjv7k.tvclub.xyz/iptv/X3SB52VH9P584RLVQNY5ARNB/5015/index.m3u8,95
1759181794,9,SexArt HD,http://rhsbjv7k.tvclub.xyz/iptv/X3SB52VH9P584RLVQNY5ARNB/6165/index.m3u8,95
1759181795,10,Adult Time,http://rhsbjv7k.tvclub.xyz/iptv/X3SB52VH9P584RLVQNY5ARNB/6166/index.m3u8,97
1759181796,11,Red TV Anal,http://rhsbjv7k.tvclub.xyz/iptv/X3SB52VH9P584RLVQNY5ARNB/6167/index.m3u8,98
1759181797,11,Analized HD,http://rhsbjv7k.tvclub.xyz/iptv/X3SB52VH9P584RLVQNY5ARNB/6168/index.m3u8,98
1759181798,12,Babes.com HD,http://rhsbjv7k.tvclub.xyz/iptv/X3SB52VH9P584RLVQNY5ARNB/6171/index.m3u8,99
1759181799,5,Babes,http://rhsbjv7k.tvclub.xyz/iptv/X3SB52VH9P584RLVQNY5ARNB/6172/index.m3u8,91
1759181801,12,Bang Bros HD,http://rhsbjv7k.tvclub.xyz/iptv/X3SB52VH9P584RLVQNY5ARNB/6173/index.m3u8,99
1759181802,5,Bang!,http://rhsbjv7k.tvclub.xyz/iptv/X3SB52VH9P584RLVQNY5ARNB/6174/index.m3u8,91
1759181803,14,Red TV Big Ass,http://rhsbjv7k.tvclub.xyz/iptv/X3SB52VH9P584RLVQNY5ARNB/6175/index.m3u8,101
1759181804,15,Red TV Big Dick,http://rhsbjv7k.tvclub.xyz/iptv/X3SB52VH9P584RLVQNY5ARNB/6176/index.m3u8,102
1759181805,15,Red TV Big Tits,http://rhsbjv7k.tvclub.xyz/iptv/X3SB52VH9P584RLVQNY5ARNB/6177/index.m3u8,102
1759181806,10,Blacked HD,http://rhsbjv7k.tvclub.xyz/iptv/X3SB52VH9P584RLVQNY5ARNB/6178/index.m3u8,97
1759181807,14,Red TV Blowjob,http://rhsbjv7k.tvclub.xyz/iptv/X3SB52VH9P584RLVQNY5ARNB/6180/index.m3u8,101
1759181809,15,Brazzers eXXtra,http://rhsbjv7k.tvclub.xyz/iptv/X3SB52VH9P584RLVQNY5ARNB/6181/index.m3u8,102
1759181810,11,Brazzers HD,http://rhsbjv7k.tvclub.xyz/iptv/X3SB52VH9P584RLVQNY5ARNB/6182/index.m3u8,98
1759181811,15,Red TV Brunette,http://rhsbjv7k.tvclub.xyz/iptv/X3SB52VH9P584RLVQNY5ARNB/6183/index.m3u8,102
1759181812,12,Cherry Pimps,http://rhsbjv7k.tvclub.xyz/iptv/X3SB52VH9P584RLVQNY5ARNB/6185/index.m3u8,99
1759181813,19,Club Sweethearts HD,http://rhsbjv7k.tvclub.xyz/iptv/X3SB52VH9P584RLVQNY5ARNB/6186/index.m3u8,106
1759181814,18,Red TV Compilation,http://rhsbjv7k.tvclub.xyz/iptv/X3SB52VH9P584RLVQNY5ARNB/6187/index.m3u8,105
1759181815,14,Red TV Cuckold,http://rhsbjv7k.tvclub.xyz/iptv/X3SB52VH9P584RLVQNY5ARNB/6188/index.m3u8,101
1759181817,10,Cum Louder,http://rhsbjv7k.tvclub.xyz/iptv/X3SB52VH9P584RLVQNY5ARNB/6189/index.m3u8,97
1759181818,13,Daughter Swap,http://rhsbjv7k.tvclub.xyz/iptv/X3SB52VH9P584RLVQNY5ARNB/6191/index.m3u8,100
1759181819,19,Day with a Pornstar,http://rhsbjv7k.tvclub.xyz/iptv/X3SB52VH9P584RLVQNY5ARNB/6192/index.m3u8,106
1759181820,9,DDF Busty,http://rhsbjv7k.tvclub.xyz/iptv/X3SB52VH9P584RLVQNY5ARNB/6193/index.m3u8,95
1759181821,11,DDF Network,http://rhsbjv7k.tvclub.xyz/iptv/X3SB52VH9P584RLVQNY5ARNB/6194/index.m3u8,98
1759181822,17,Digital Desire HD,http://rhsbjv7k.tvclub.xyz/iptv/X3SB52VH9P584RLVQNY5ARNB/6195/index.m3u8,104
1759181823,21,Digital Playground HD,http://rhsbjv7k.tvclub.xyz/iptv/X3SB52VH9P584RLVQNY5ARNB/6196/index.m3u8,108
1759181825,11,Dorcel Club,http://rhsbjv7k.tvclub.xyz/iptv/X3SB52VH9P584RLVQNY5ARNB/6197/index.m3u8,98
1759181826,11,Porn Angels,http://rhsbjv7k.tvclub.xyz/iptv/X3SB52VH9P584RLVQNY5ARNB/6198/index.m3u8,98
1759181827,13,Evil Angel HD,http://rhsbjv7k.tvclub.xyz/iptv/X3SB52VH9P584RLVQNY5ARNB/6199/index.m3u8,100
1759181828,14,Evolved Fights,http://rhsbjv7k.tvclub.xyz/iptv/X3SB52VH9P584RLVQNY5ARNB/6200/index.m3u8,101
1759181829,12,Fake Taxi HD,http://rhsbjv7k.tvclub.xyz/iptv/X3SB52VH9P584RLVQNY5ARNB/6202/index.m3u8,99
1759181830,18,Fap TV Compilation,http://rhsbjv7k.tvclub.xyz/iptv/X3SB52VH9P584RLVQNY5ARNB/6208/index.m3u8,105
1759181831,6,FemJoy,http://rhsbjv7k.tvclub.xyz/iptv/X3SB52VH9P584RLVQNY5ARNB/6212/index.m3u8,92
1759181832,13,Red TV Fetish,http://rhsbjv7k.tvclub.xyz/iptv/X3SB52VH9P584RLVQNY5ARNB/6213/index.m3u8,100
1759181833,15,Red TV Gangbang,http://rhsbjv7k.tvclub.xyz/iptv/X3SB52VH9P584RLVQNY5ARNB/6214/index.m3u8,102
1759181834,10,Red TV Gay,http://rhsbjv7k.tvclub.xyz/iptv/X3SB52VH9P584RLVQNY5ARNB/6215/index.m3u8,97
1759181836,8,Got MYLF,http://rhsbjv7k.tvclub.xyz/iptv/X3SB52VH9P584RLVQNY5ARNB/6216/index.m3u8,94
1759181837,21,DDF Hands on Hardcore,http://rhsbjv7k.tvclub.xyz/iptv/X3SB52VH9P584RLVQNY5ARNB/6217/index.m3u8,108
1759181838,6,Hard X,http://rhsbjv7k.tvclub.xyz/iptv/X3SB52VH9P584RLVQNY5ARNB/6218/index.m3u8,92
1759181839,15,Red TV Hardcore,http://rhsbjv7k.tvclub.xyz/iptv/X3SB52VH9P584RLVQNY5ARNB/6219/index.m3u8,102
1759181840,12,Hitzefrei HD,http://rhsbjv7k.tvclub.xyz/iptv/X3SB52VH9P584RLVQNY5ARNB/6220/index.m3u8,99
1759181841,5,Holed,http://rhsbjv7k.tvclub.xyz/iptv/X3SB52VH9P584RLVQNY5ARNB/6221/index.m3u8,91
1759181843,12,Hot and Mean,http://rhsbjv7k.tvclub.xyz/iptv/X3SB52VH9P584RLVQNY5ARNB/6222/index.m3u8,99
1759181844,13,Hot Guys Fuck,http://rhsbjv7k.tvclub.xyz/iptv/X3SB52VH9P584RLVQNY5ARNB/6223/index.m3u8,100
1759181845,18,Red TV Interracial,http://rhsbjv7k.tvclub.xyz/iptv/X3SB52VH9P584RLVQNY5ARNB/6224/index.m3u8,105
1759181846,9,Japan HDV,http://rhsbjv7k.tvclub.xyz/iptv/X3SB52VH9P584RLVQNY5ARNB/6225/index.m3u8,95
1759181847,13,Red TV Latina,http://rhsbjv7k.tvclub.xyz/iptv/X3SB52VH9P584RLVQNY5ARNB/6226/index.m3u8,100
1759181848,6,Lesbea,http://rhsbjv7k.tvclub.xyz/iptv/X3SB52VH9P584RLVQNY5ARNB/6227/index.m3u8,92
1759181849,14,Red TV Lesbian,http://rhsbjv7k.tvclub.xyz/iptv/X3SB52VH9P584RLVQNY5ARNB/6228/index.m3u8,101
1759181850,15,Lethal Hardcore,http://rhsbjv7k.tvclub.xyz/iptv/X3SB52VH9P584RLVQNY5ARNB/6229/index.m3u8,102
1759181851,16,Little Asians HD,http://rhsbjv7k.tvclub.xyz/iptv/X3SB52VH9P584RLVQNY5ARNB/6230/index.m3u8,103
1759181853,16,Red TV Live Cams,http://rhsbjv7k.tvclub.xyz/iptv/X3SB52VH9P584RLVQNY5ARNB/6231/index.m3u8,103
1759181854,11,Lust Cinema,http://rhsbjv7k.tvclub.xyz/iptv/X3SB52VH9P584RLVQNY5ARNB/6232/index.m3u8,98
1759181855,9,MetArt HD,http://rhsbjv7k.tvclub.xyz/iptv/X3SB52VH9P584RLVQNY5ARNB/6233/index.m3u8,95
1759181856,11,Red TV Milf,http://rhsbjv7k.tvclub.xyz/iptv/X3SB52VH9P584RLVQNY5ARNB/6234/index.m3u8,98
1759181857,16,Monsters of Cock,http://rhsbjv7k.tvclub.xyz/iptv/X3SB52VH9P584RLVQNY5ARNB/6235/index.m3u8,103
1759181858,10,MYLF TV HD,http://rhsbjv7k.tvclub.xyz/iptv/X3SB52VH9P584RLVQNY5ARNB/6236/index.m3u8,97
1759181859,15,Naughty America,http://rhsbjv7k.tvclub.xyz/iptv/X3SB52VH9P584RLVQNY5ARNB/6237/index.m3u8,102
1759181861,13,Nubiles TV HD,http://rhsbjv7k.tvclub.xyz/iptv/X3SB52VH9P584RLVQNY5ARNB/6238/index.m3u8,100
1759181862,13,Pink Erotic 3,http://rhsbjv7k.tvclub.xyz/iptv/X3SB52VH9P584RLVQNY5ARNB/6240/index.m3u8,100
1759181871,13,Pink Erotic 4,http://rhsbjv7k.tvclub.xyz/iptv/X3SB52VH9P584RLVQNY5ARNB/6241/index.m3u8,100
1759181872,12,Playboy Plus,http://rhsbjv7k.tvclub.xyz/iptv/X3SB52VH9P584RLVQNY5ARNB/6242/index.m3u8,99
1759181873,15,Red TV Pornstar,http://rhsbjv7k.tvclub.xyz/iptv/X3SB52VH9P584RLVQNY5ARNB/6243/index.m3u8,102
1759181874,10,Red TV POV,http://rhsbjv7k.tvclub.xyz/iptv/X3SB52VH9P584RLVQNY5ARNB/6244/index.m3u8,97
1759181876,14,Private.com HD,http://rhsbjv7k.tvclub.xyz/iptv/X3SB52VH9P584RLVQNY5ARNB/6245/index.m3u8,101
1759181877,12,Public Agent,http://rhsbjv7k.tvclub.xyz/iptv/X3SB52VH9P584RLVQNY5ARNB/6246/index.m3u8,99
1759181878,16,Reality Kings HD,http://rhsbjv7k.tvclub.xyz/iptv/X3SB52VH9P584RLVQNY5ARNB/6247/index.m3u8,103
1759181879,8,RK Prime,http://rhsbjv7k.tvclub.xyz/iptv/X3SB52VH9P584RLVQNY5ARNB/6248/index.m3u8,94
1759181880,5,RK TV,http://rhsbjv7k.tvclub.xyz/iptv/X3SB52VH9P584RLVQNY5ARNB/6249/index.m3u8,91
1759181881,12,Red TV Rough,http://rhsbjv7k.tvclub.xyz/iptv/X3SB52VH9P584RLVQNY5ARNB/6250/index.m3u8,99
1759181883,14,Red TV Russian,http://rhsbjv7k.tvclub.xyz/iptv/X3SB52VH9P584RLVQNY5ARNB/6251/index.m3u8,101
1759181884,16,Sex With Muslims,http://rhsbjv7k.tvclub.xyz/iptv/X3SB52VH9P584RLVQNY5ARNB/6252/index.m3u8,103
1759181885,6,SexArt,http://rhsbjv7k.tvclub.xyz/iptv/X3SB52VH9P584RLVQNY5ARNB/6253/index.m3u8,92
1759181886,10,SINematica,http://rhsbjv7k.tvclub.xyz/iptv/X3SB52VH9P584RLVQNY5ARNB/6255/index.m3u8,97
1759181887,11,Red TV Teen,http://rhsbjv7k.tvclub.xyz/iptv/X3SB52VH9P584RLVQNY5ARNB/6256/index.m3u8,98
1759181888,16,Red TV Threesome,http://rhsbjv7k.tvclub.xyz/iptv/X3SB52VH9P584RLVQNY5ARNB/6257/index.m3u8,103
1759181889,6,Tiny4K,http://rhsbjv7k.tvclub.xyz/iptv/X3SB52VH9P584RLVQNY5ARNB/6258/index.m3u8,92
1759181890,12,Trans Angels,http://rhsbjv7k.tvclub.xyz/iptv/X3SB52VH9P584RLVQNY5ARNB/6259/index.m3u8,99
1759181891,13,True Amateurs,http://rhsbjv7k.tvclub.xyz/iptv/X3SB52VH9P584RLVQNY5ARNB/6260/index.m3u8,100
1759181893,8,Tushy HD,http://rhsbjv7k.tvclub.xyz/iptv/X3SB52VH9P584RLVQNY5ARNB/6261/index.m3u8,94
1759181894,12,Tushy RAW HD,http://rhsbjv7k.tvclub.xyz/iptv/X3SB52VH9P584RLVQNY5ARNB/6262/index.m3u8,99
1759181895,10,Visit-X TV,http://rhsbjv7k.tvclub.xyz/iptv/X3SB52VH9P584RLVQNY5ARNB/6263/index.m3u8,97
1759181896,15,Vivid TV Europe,http://rhsbjv7k.tvclub.xyz/iptv/X3SB52VH9P584RLVQNY5ARNB/6264/index.m3u8,102
1759181897,8,Vixen HD,http://rhsbjv7k.tvclub.xyz/iptv/X3SB52VH9P584RLVQNY5ARNB/6265/index.m3u8,94
1759181898,16,We Live Together,http://rhsbjv7k.tvclub.xyz/iptv/X3SB52VH9P584RLVQNY5ARNB/6266/index.m3u8,103
1759181899,11,White Boxxx,http://rhsbjv7k.tvclub.xyz/iptv/X3SB52VH9P584RLVQNY5ARNB/6267/index.m3u8,98
1759181901,6,Wicked,http://rhsbjv7k.tvclub.xyz/iptv/X3SB52VH9P584RLVQNY5ARNB/6268/index.m3u8,92
1759181902,10,Xpanded TV,http://rhsbjv7k.tvclub.xyz/iptv/X3SB52VH9P584RLVQNY5ARNB/6269/index.m3u8,97
1759181903,13,Balkan Erotic,http://rhsbjv7k.tvclub.xyz/iptv/X3SB52VH9P584RLVQNY5ARNB/6270/index.m3u8,100
1759181904,8,Red Lips,http://rhsbjv7k.tvclub.xyz/iptv/X3SB52VH9P584RLVQNY5ARNB/6271/index.m3u8,94
1759181905,9,Leo TV HD,http://rhsbjv7k.tvclub.xyz/iptv/X3SB52VH9P584RLVQNY5ARNB/6272/index.m3u8,95
1759181907,3,HOT,http://rhsbjv7k.tvclub.xyz/iptv/X3SB52VH9P584RLVQNY5ARNB/6275/index.m3u8,89
1759181908,12,Hot Pleasure,http://rhsbjv7k.tvclub.xyz/iptv/X3SB52VH9P584RLVQNY5ARNB/6277/index.m3u8,99
1759181909,7,Red XXX,http://rhsbjv7k.tvclub.xyz/iptv/X3SB52VH9P584RLVQNY5ARNB/6281/index.m3u8,93
1759181910,8,Sexy Hot,http://rhsbjv7k.tvclub.xyz/iptv/X3SB52VH9P584RLVQNY5ARNB/6282/index.m3u8,94
1759181911,5,Venus,http://rhsbjv7k.tvclub.xyz/iptv/X3SB52VH9P584RLVQNY5ARNB/6284/index.m3u8,91
1759181913,4,X-MO,http://rhsbjv7k.tvclub.xyz/iptv/X3SB52VH9P584RLVQNY5ARNB/6285/index.m3u8,90
1759181914,9,XY Max HD,http://rhsbjv7k.tvclub.xyz/iptv/X3SB52VH9P584RLVQNY5ARNB/6286/index.m3u8,95
1759181915,9,XY Mix HD,http://rhsbjv7k.tvclub.xyz/iptv/X3SB52VH9P584RLVQNY5ARNB/6287/index.m3u8,95
1759181921,10,XY Plus HD,http://rhsbjv7k.tvclub.xyz/iptv/X3SB52VH9P584RLVQNY5ARNB/6288/index.m3u8,97
1759181922,13,Pink Erotic 1,http://rhsbjv7k.tvclub.xyz/iptv/X3SB52VH9P584RLVQNY5ARNB/6289/index.m3u8,100
1759181923,13,Pink Erotic 2,http://rhsbjv7k.tvclub.xyz/iptv/X3SB52VH9P584RLVQNY5ARNB/6290/index.m3u8,100
1759181924,13,Pink Erotic 3,http://rhsbjv7k.tvclub.xyz/iptv/X3SB52VH9P584RLVQNY5ARNB/6291/index.m3u8,100
1759181925,13,Pink Erotic 4,http://rhsbjv7k.tvclub.xyz/iptv/X3SB52VH9P584RLVQNY5ARNB/6292/index.m3u8,100
1759181926,13,Pink Erotic 6,http://rhsbjv7k.tvclub.xyz/iptv/X3SB52VH9P584RLVQNY5ARNB/6293/index.m3u8,100
1759181928,13,Pink Erotic 7,http://rhsbjv7k.tvclub.xyz/iptv/X3SB52VH9P584RLVQNY5ARNB/6294/index.m3u8,100
1759181929,13,Pink Erotic 8,http://rhsbjv7k.tvclub.xyz/iptv/X3SB52VH9P584RLVQNY5ARNB/6295/index.m3u8,100
1759181930,7,Erox HD,http://rhsbjv7k.tvclub.xyz/iptv/X3SB52VH9P584RLVQNY5ARNB/6296/index.m3u8,93
1759181931,11,SuperOne HD,http://rhsbjv7k.tvclub.xyz/iptv/X3SB52VH9P584RLVQNY5ARNB/6298/index.m3u8,98
1759181932,17,Dorcel TV HD orig,http://rhsbjv7k.tvclub.xyz/iptv/X3SB52VH9P584RLVQNY5ARNB/9064/index.m3u8,104
1759181933,15,Hustler HD orig,http://rhsbjv7k.tvclub.xyz/iptv/X3SB52VH9P584RLVQNY5ARNB/9065/index.m3u8,102
1759181934,16,Redlight HD orig,http://rhsbjv7k.tvclub.xyz/iptv/X3SB52VH9P584RLVQNY5ARNB/9066/index.m3u8,103
1759181935,28,Русская Ночь orig,http://rhsbjv7k.tvclub.xyz/iptv/X3SB52VH9P584RLVQNY5ARNB/9344/index.m3u8,115
1759181937,17,Exxxotica HD orig,http://rhsbjv7k.tvclub.xyz/iptv/X3SB52VH9P584RLVQNY5ARNB/9346/index.m3u8,104
1759181938,12,Shot TV orig,http://rhsbjv7k.tvclub.xyz/iptv/X3SB52VH9P584RLVQNY5ARNB/9347/index.m3u8,99
1759181939,17,StrahTV Extasy HD,http://rhsbjv7k.tvclub.xyz/iptv/X3SB52VH9P584RLVQNY5ARNB/11051/index.m3u8,105
1759181940,15,StrahTV KinoXXX,http://rhsbjv7k.tvclub.xyz/iptv/X3SB52VH9P584RLVQNY5ARNB/11052/index.m3u8,103
1759181941,20,StrahTV Ох-Ах HD,http://rhsbjv7k.tvclub.xyz/iptv/X3SB52VH9P584RLVQNY5ARNB/11068/index.m3u8,108
1759181943,14,VF Cartoon 18+,http://rhsbjv7k.tvclub.xyz/iptv/X3SB52VH9P584RLVQNY5ARNB/11117/index.m3u8,102
1759181944,10,Alba XXX 1,http://rhsbjv7k.tvclub.xyz/iptv/X3SB52VH9P584RLVQNY5ARNB/12106/index.m3u8,98
1759181945,9,Exotic 4k,http://rhsbjv7k.tvclub.xyz/iptv/X3SB52VH9P584RLVQNY5ARNB/12107/index.m3u8,96
1759181946,19,Euro Girls On Girls,http://rhsbjv7k.tvclub.xyz/iptv/X3SB52VH9P584RLVQNY5ARNB/12108/index.m3u8,107
1759181947,,,http://rhsbjv7k.tvclub.xyz/iptv/X3SB52VH9P584RLVQNY5ARNB/20219/index.m3u8,86
1759181947,9,Erotica X,http://rhsbjv7k.tvclub.xyz/iptv/X3SB52VH9P584RLVQNY5ARNB/12109/index.m3u8,96
1759181948,12,Erotic Spice,http://rhsbjv7k.tvclub.xyz/iptv/X3SB52VH9P584RLVQNY5ARNB/12110/index.m3u8,100
1759181950,11,DP Fanatics,http://rhsbjv7k.tvclub.xyz/iptv/X3SB52VH9P584RLVQNY5ARNB/12111/index.m3u8,99
1759181951,22,Pornbox Pure Mature HD,http://rhsbjv7k.tvclub.xyz/iptv/X3SB52VH9P584RLVQNY5ARNB/12112/index.m3u8,110
1759181952,21,Brazzers TV Europe HD,http://rhsbjv7k.tvclub.xyz/iptv/X3SB52VH9P584RLVQNY5ARNB/12113/index.m3u8,109
1759181953,7,XY Plus,http://rhsbjv7k.tvclub.xyz/iptv/X3SB52VH9P584RLVQNY5ARNB/12118/index.m3u8,94
1759181954,8,SuperOne,http://rhsbjv7k.tvclub.xyz/iptv/X3SB52VH9P584RLVQNY5ARNB/12121/index.m3u8,95
1759181955,16,Dirty Wives Club,http://rhsbjv7k.tvclub.xyz/iptv/X3SB52VH9P584RLVQNY5ARNB/12122/index.m3u8,104
1759181956,12,French Lover,http://rhsbjv7k.tvclub.xyz/iptv/X3SB52VH9P584RLVQNY5ARNB/12124/index.m3u8,100
1759181957,18,Meiden Van Holland,http://rhsbjv7k.tvclub.xyz/iptv/X3SB52VH9P584RLVQNY5ARNB/12125/index.m3u8,106
1759181958,13,Dirty Masseur,http://rhsbjv7k.tvclub.xyz/iptv/X3SB52VH9P584RLVQNY5ARNB/12128/index.m3u8,101
1759181959,10,Dirty Flix,http://rhsbjv7k.tvclub.xyz/iptv/X3SB52VH9P584RLVQNY5ARNB/12130/index.m3u8,98
1759181960,9,Dorcel TV,http://rhsbjv7k.tvclub.xyz/iptv/X3SB52VH9P584RLVQNY5ARNB/12131/index.m3u8,96
1759181961,15,Kinky Family HD,http://rhsbjv7k.tvclub.xyz/iptv/X3SB52VH9P584RLVQNY5ARNB/12133/index.m3u8,103
1759181963,10,Playboy LA,http://rhsbjv7k.tvclub.xyz/iptv/X3SB52VH9P584RLVQNY5ARNB/12135/index.m3u8,98
1759181964,13,Passie XXX TV,http://rhsbjv7k.tvclub.xyz/iptv/X3SB52VH9P584RLVQNY5ARNB/12136/index.m3u8,101
1759181965,14,Devils Film HD,http://rhsbjv7k.tvclub.xyz/iptv/X3SB52VH9P584RLVQNY5ARNB/12137/index.m3u8,102
1759181966,18,Deep Throat Sirens,http://rhsbjv7k.tvclub.xyz/iptv/X3SB52VH9P584RLVQNY5ARNB/12138/index.m3u8,106
1759181967,9,Deep Lush,http://rhsbjv7k.tvclub.xyz/iptv/X3SB52VH9P584RLVQNY5ARNB/12139/index.m3u8,96
1759181968,6,Dark X,http://rhsbjv7k.tvclub.xyz/iptv/X3SB52VH9P584RLVQNY5ARNB/12140/index.m3u8,93
1759181969,18,Veraporn Group Sex,http://rhsbjv7k.tvclub.xyz/iptv/X3SB52VH9P584RLVQNY5ARNB/12141/index.m3u8,106
1759181970,20,Veraporn Group Sex 2,http://rhsbjv7k.tvclub.xyz/iptv/X3SB52VH9P584RLVQNY5ARNB/12142/index.m3u8,108
1759181971,10,Dane Jones,http://rhsbjv7k.tvclub.xyz/iptv/X3SB52VH9P584RLVQNY5ARNB/12143/index.m3u8,98
1759181973,12,Dancing Bear,http://rhsbjv7k.tvclub.xyz/iptv/X3SB52VH9P584RLVQNY5ARNB/12144/index.m3u8,100
1759181974,16,Pink Erotic 1 HD,http://rhsbjv7k.tvclub.xyz/iptv/X3SB52VH9P584RLVQNY5ARNB/12146/index.m3u8,104
1759181975,16,Pink Erotic 2 HD,http://rhsbjv7k.tvclub.xyz/iptv/X3SB52VH9P584RLVQNY5ARNB/12147/index.m3u8,104
1759181976,16,Pink Erotic 3 HD,http://rhsbjv7k.tvclub.xyz/iptv/X3SB52VH9P584RLVQNY5ARNB/12148/index.m3u8,104
1759181977,16,Pink Erotic 4 HD,http://rhsbjv7k.tvclub.xyz/iptv/X3SB52VH9P584RLVQNY5ARNB/12149/index.m3u8,104
1759181978,16,Pink Erotic 5 HD,http://rhsbjv7k.tvclub.xyz/iptv/X3SB52VH9P584RLVQNY5ARNB/12150/index.m3u8,104
1759181979,16,Pink Erotic 6 HD,http://rhsbjv7k.tvclub.xyz/iptv/X3SB52VH9P584RLVQNY5ARNB/12151/index.m3u8,104
1759181980,16,Pink Erotic 7 HD,http://rhsbjv7k.tvclub.xyz/iptv/X3SB52VH9P584RLVQNY5ARNB/12152/index.m3u8,104
1759181981,16,Pink Erotic 8 HD,http://rhsbjv7k.tvclub.xyz/iptv/X3SB52VH9P584RLVQNY5ARNB/12153/index.m3u8,104
1759181982,9,Dad Crush,http://rhsbjv7k.tvclub.xyz/iptv/X3SB52VH9P584RLVQNY5ARNB/12154/index.m3u8,96
1759181984,11,Family Swap,http://rhsbjv7k.tvclub.xyz/iptv/X3SB52VH9P584RLVQNY5ARNB/12155/index.m3u8,99
1759181985,14,Family Strokes,http://rhsbjv7k.tvclub.xyz/iptv/X3SB52VH9P584RLVQNY5ARNB/12156/index.m3u8,102
1759181986,9,Cum4k UHD,http://rhsbjv7k.tvclub.xyz/iptv/X3SB52VH9P584RLVQNY5ARNB/12157/index.m3u8,96
1759181987,14,Cum Perfection,http://rhsbjv7k.tvclub.xyz/iptv/X3SB52VH9P584RLVQNY5ARNB/12158/index.m3u8,102
1759181988,10,MetArt FHD,http://rhsbjv7k.tvclub.xyz/iptv/X3SB52VH9P584RLVQNY5ARNB/12160/index.m3u8,98
1759181990,10,Bratty Sis,http://rhsbjv7k.tvclub.xyz/iptv/X3SB52VH9P584RLVQNY5ARNB/12161/index.m3u8,98
1759181991,18,Brand New Amateurs,http://rhsbjv7k.tvclub.xyz/iptv/X3SB52VH9P584RLVQNY5ARNB/12162/index.m3u8,106
1759181992,10,Beate Uhse,http://rhsbjv7k.tvclub.xyz/iptv/X3SB52VH9P584RLVQNY5ARNB/12163/index.m3u8,98
1759181993,7,BBC Pie,http://rhsbjv7k.tvclub.xyz/iptv/X3SB52VH9P584RLVQNY5ARNB/12164/index.m3u8,94
1759181994,15,Barely Legal TV,http://rhsbjv7k.tvclub.xyz/iptv/X3SB52VH9P584RLVQNY5ARNB/12165/index.m3u8,103
1759181996,8,Bang POV,http://rhsbjv7k.tvclub.xyz/iptv/X3SB52VH9P584RLVQNY5ARNB/12166/index.m3u8,95
1759181997,8,Bang Bus,http://rhsbjv7k.tvclub.xyz/iptv/X3SB52VH9P584RLVQNY5ARNB/12167/index.m3u8,95
1759181998,12,Banana Fever,http://rhsbjv7k.tvclub.xyz/iptv/X3SB52VH9P584RLVQNY5ARNB/12168/index.m3u8,100
1759181999,13,Asshole Fever,http://rhsbjv7k.tvclub.xyz/iptv/X3SB52VH9P584RLVQNY5ARNB/12169/index.m3u8,101
1759182001,10,Ass Parade,http://rhsbjv7k.tvclub.xyz/iptv/X3SB52VH9P584RLVQNY5ARNB/12178/index.m3u8,98
1759182002,9,Anal Time,http://rhsbjv7k.tvclub.xyz/iptv/X3SB52VH9P584RLVQNY5ARNB/12181/index.m3u8,96
1759182003,16,Anal Teen Angels,http://rhsbjv7k.tvclub.xyz/iptv/X3SB52VH9P584RLVQNY5ARNB/12183/index.m3u8,104
1759182004,9,Anal Only,http://rhsbjv7k.tvclub.xyz/iptv/X3SB52VH9P584RLVQNY5ARNB/12184/index.m3u8,96
1759182005,12,Hot Wife XXX,http://rhsbjv7k.tvclub.xyz/iptv/X3SB52VH9P584RLVQNY5ARNB/12187/index.m3u8,100
1759182006,5,Tushy,http://rhsbjv7k.tvclub.xyz/iptv/X3SB52VH9P584RLVQNY5ARNB/12188/index.m3u8,92
1759182013,8,Anal Mom,http://rhsbjv7k.tvclub.xyz/iptv/X3SB52VH9P584RLVQNY5ARNB/12189/index.m3u8,95
1759182014,7,Anal 4K,http://rhsbjv7k.tvclub.xyz/iptv/X3SB52VH9P584RLVQNY5ARNB/12190/index.m3u8,94
1759182016,13,Amateur Boxxx,http://rhsbjv7k.tvclub.xyz/iptv/X3SB52VH9P584RLVQNY5ARNB/12191/index.m3u8,101
1759182017,8,All Anal,http://rhsbjv7k.tvclub.xyz/iptv/X3SB52VH9P584RLVQNY5ARNB/12192/index.m3u8,95
1759182018,11,Alex Legend,http://rhsbjv7k.tvclub.xyz/iptv/X3SB52VH9P584RLVQNY5ARNB/12193/index.m3u8,99
1759182019,13,Alba XXX 2 HD,http://rhsbjv7k.tvclub.xyz/iptv/X3SB52VH9P584RLVQNY5ARNB/12194/index.m3u8,101
1759182020,13,Alba XXX 1 HD,http://rhsbjv7k.tvclub.xyz/iptv/X3SB52VH9P584RLVQNY5ARNB/12204/index.m3u8,101
1759182021,10,21 Sextury,http://rhsbjv7k.tvclub.xyz/iptv/X3SB52VH9P584RLVQNY5ARNB/12205/index.m3u8,98
1759182022,19,XXX Love's Berry HD,http://rhsbjv7k.tvclub.xyz/iptv/X3SB52VH9P584RLVQNY5ARNB/14140/index.m3u8,107
1759182023,13,Yosso TV Sexy,http://rhsbjv7k.tvclub.xyz/iptv/X3SB52VH9P584RLVQNY5ARNB/14176/index.m3u8,101
1759182024,26,Liberty Эротика FHD,http://rhsbjv7k.tvclub.xyz/iptv/X3SB52VH9P584RLVQNY5ARNB/16069/index.m3u8,114
1759182026,17,Kinoshka Adult HD,http://rhsbjv7k.tvclub.xyz/iptv/X3SB52VH9P584RLVQNY5ARNB/18060/index.m3u8,105
1759182027,23,Tviksel Кино 18+ HD,http://rhsbjv7k.tvclub.xyz/iptv/X3SB52VH9P584RLVQNY5ARNB/18075/index.m3u8,111
1759182028,34,Tviksel Кино 18+ International,http://rhsbjv7k.tvclub.xyz/iptv/X3SB52VH9P584RLVQNY5ARNB/18076/index.m3u8,122
1759182029,12,BCU Charm HD,http://rhsbjv7k.tvclub.xyz/iptv/X3SB52VH9P584RLVQNY5ARNB/18053/index.m3u8,100
1759182030,14,CineMan ExExEx,http://rhsbjv7k.tvclub.xyz/iptv/X3SB52VH9P584RLVQNY5ARNB/20089/index.m3u8,102
1759182031,18,CineMan ExExEx TWO,http://rhsbjv7k.tvclub.xyz/iptv/X3SB52VH9P584RLVQNY5ARNB/20090/index.m3u8,106
1759182032,19,StrahTV Adult TV HD,http://rhsbjv7k.tvclub.xyz/iptv/X3SB52VH9P584RLVQNY5ARNB/31707/index.m3u8,107
1759182033,22,StrahTV PlayBoyz TV HD,http://rhsbjv7k.tvclub.xyz/iptv/X3SB52VH9P584RLVQNY5ARNB/31709/index.m3u8,110
1759182034,22,StrahTV Ню Арт HD,http://rhsbjv7k.tvclub.xyz/iptv/X3SB52VH9P584RLVQNY5ARNB/31716/index.m3u8,110
1759182177,,,http://rhsbjv7k.tvclub.xyz/iptv/X3SB52VH9P584RLVQNY5ARNB/20219/index.m3u8,86
1759182230,,,http://rhsbjv7k.tvclub.xyz/iptv/X3SB52VH9P584RLVQNY5ARNB/20219/index.m3u8,86
1759182237,23,VF Граиндхаус,http://rhsbjv7k.tvclub.xyz/iptv/X3SB52VH9P584RLVQNY5ARNB/14158/index.m3u8,111
1759182260,23,VF Граиндхаус,http://rhsbjv7k.tvclub.xyz/iptv/X3SB52VH9P584RLVQNY5ARNB/14158/index.m3u8,111
1759182308,23,VF Граиндхаус,http://rhsbjv7k.tvclub.xyz/iptv/X3SB52VH9P584RLVQNY5ARNB/14158/index.m3u8,111
1759182317,13,Red TV Fetish,http://rhsbjv7k.tvclub.xyz/iptv/X3SB52VH9P584RLVQNY5ARNB/6213/index.m3u8,100
1759182330,19,Viju TV1000 HD orig,http://rhsbjv7k.tvclub.xyz/iptv/X3SB52VH9P584RLVQNY5ARNB/9058/index.m3u8,106
1759182347,17,Шрек 2 (2004),https://vod.plvideo.ru/FbZEopwh/cXyXEGJ0A4/zE2SWKS6fKdKbyrGfPe/ZX,97
1759182374,,,/home/safe/disk_kom/freedownloadmanager/icon.png,61
1759183245,25,Victoria.nova.hardcore.4k,https://vkvideo.ru/video-226828199_456239995,84
1759183364,,,http://rhsbjv7k.tvclub.xyz/iptv/X3SB52VH9P584RLVQNY5ARNB/20219/index.m3u8,86
1759183496,25,Victoria.nova.hardcore.4k,https://vkvideo.ru/video-226828199_456239995,84
1759183522,,,http://rhsbjv7k.tvclub.xyz/iptv/X3SB52VH9P584RLVQNY5ARNB/20219/index.m3u8,86
1759183533,7,Playboy,http://rhsbjv7k.tvclub.xyz/iptv/X3SB52VH9P584RLVQNY5ARNB/527/index.m3u8,92
1759184053,7,Playboy,http://rhsbjv7k.tvclub.xyz/iptv/X3SB52VH9P584RLVQNY5ARNB/527/index.m3u8,92
1759184203,7,Playboy,http://rhsbjv7k.tvclub.xyz/iptv/X3SB52VH9P584RLVQNY5ARNB/527/index.m3u8,92
1759184271,25,Victoria.nova.hardcore.4k,https://vkvideo.ru/video-226828199_456239995,84
1759184430,7,Playboy,http://rhsbjv7k.tvclub.xyz/iptv/X3SB52VH9P584RLVQNY5ARNB/527/index.m3u8,92
1759184799,25,Victoria.nova.hardcore.4k,https://vkvideo.ru/video-226828199_456239995,84
1759204696,,,http://rhsbjv7k.tvclub.xyz/iptv/X3SB52VH9P584RLVQNY5ARNB/20219/index.m3u8,86
1759204711,23,VF Граиндхаус,http://rhsbjv7k.tvclub.xyz/iptv/X3SB52VH9P584RLVQNY5ARNB/14158/index.m3u8,111
1759204714,7,Playboy,http://rhsbjv7k.tvclub.xyz/iptv/X3SB52VH9P584RLVQNY5ARNB/527/index.m3u8,92
1759204717,11,Eromania 4K,http://rhsbjv7k.tvclub.xyz/iptv/X3SB52VH9P584RLVQNY5ARNB/10049/index.m3u8,99
1759204723,23,Русская Ночь,http://rhsbjv7k.tvclub.xyz/iptv/X3SB52VH9P584RLVQNY5ARNB/147/index.m3u8,109
1759204727,31,Brazzers TV Europe Россия,http://rhsbjv7k.tvclub.xyz/iptv/X3SB52VH9P584RLVQNY5ARNB/910/index.m3u8,117
1759204730,12,Blue Hustler,http://rhsbjv7k.tvclub.xyz/iptv/X3SB52VH9P584RLVQNY5ARNB/1064/index.m3u8,99
1759204732,11,Redlight HD,http://rhsbjv7k.tvclub.xyz/iptv/X3SB52VH9P584RLVQNY5ARNB/242/index.m3u8,97
1759204735,10,Private TV,http://rhsbjv7k.tvclub.xyz/iptv/X3SB52VH9P584RLVQNY5ARNB/243/index.m3u8,96
1759204739,10,Hustler HD,http://rhsbjv7k.tvclub.xyz/iptv/X3SB52VH9P584RLVQNY5ARNB/244/index.m3u8,96
1759204742,12,Dorcel TV HD,http://rhsbjv7k.tvclub.xyz/iptv/X3SB52VH9P584RLVQNY5ARNB/245/index.m3u8,98
1759204745,8,Babes TV,http://rhsbjv7k.tvclub.xyz/iptv/X3SB52VH9P584RLVQNY5ARNB/2161/index.m3u8,94
1759204864,8,Babes TV,http://rhsbjv7k.tvclub.xyz/iptv/X3SB52VH9P584RLVQNY5ARNB/2161/index.m3u8,94
1759204893,12,Vivid Red HD,http://rhsbjv7k.tvclub.xyz/iptv/X3SB52VH9P584RLVQNY5ARNB/2162/index.m3u8,99
1759204896,12,Exxxotica HD,http://rhsbjv7k.tvclub.xyz/iptv/X3SB52VH9P584RLVQNY5ARNB/2397/index.m3u8,99
1759204900,3,XXL,http://rhsbjv7k.tvclub.xyz/iptv/X3SB52VH9P584RLVQNY5ARNB/5009/index.m3u8,89
1759204904,20,Penthouse Passion HD,http://rhsbjv7k.tvclub.xyz/iptv/X3SB52VH9P584RLVQNY5ARNB/5010/index.m3u8,107
1759204908,17,Penthouse Gold HD,http://rhsbjv7k.tvclub.xyz/iptv/X3SB52VH9P584RLVQNY5ARNB/5011/index.m3u8,104
1759204913,23,Penthouse Reality TV HD,http://rhsbjv7k.tvclub.xyz/iptv/X3SB52VH9P584RLVQNY5ARNB/5012/index.m3u8,110
1759204916,24,Penthouse Reality TV FHD,http://rhsbjv7k.tvclub.xyz/iptv/X3SB52VH9P584RLVQNY5ARNB/5013/index.m3u8,111
1759204918,18,Extasy Platinum 4K,http://rhsbjv7k.tvclub.xyz/iptv/X3SB52VH9P584RLVQNY5ARNB/5014/index.m3u8,105
1759204922,9,Eroxxx HD,http://rhsbjv7k.tvclub.xyz/iptv/X3SB52VH9P584RLVQNY5ARNB/5015/index.m3u8,95
1759204934,9,SexArt HD,http://rhsbjv7k.tvclub.xyz/iptv/X3SB52VH9P584RLVQNY5ARNB/6165/index.m3u8,95
1759204937,10,Adult Time,http://rhsbjv7k.tvclub.xyz/iptv/X3SB52VH9P584RLVQNY5ARNB/6166/index.m3u8,97
1759204954,11,Red TV Anal,http://rhsbjv7k.tvclub.xyz/iptv/X3SB52VH9P584RLVQNY5ARNB/6167/index.m3u8,98
1759204958,11,Analized HD,http://rhsbjv7k.tvclub.xyz/iptv/X3SB52VH9P584RLVQNY5ARNB/6168/index.m3u8,98
1759204962,12,Babes.com HD,http://rhsbjv7k.tvclub.xyz/iptv/X3SB52VH9P584RLVQNY5ARNB/6171/index.m3u8,99
1759205018,5,Babes,http://rhsbjv7k.tvclub.xyz/iptv/X3SB52VH9P584RLVQNY5ARNB/6172/index.m3u8,91
1759205023,12,Bang Bros HD,http://rhsbjv7k.tvclub.xyz/iptv/X3SB52VH9P584RLVQNY5ARNB/6173/index.m3u8,99
1759205029,5,Bang!,http://rhsbjv7k.tvclub.xyz/iptv/X3SB52VH9P584RLVQNY5ARNB/6174/index.m3u8,91
1759205031,14,Red TV Big Ass,http://rhsbjv7k.tvclub.xyz/iptv/X3SB52VH9P584RLVQNY5ARNB/6175/index.m3u8,101
1759205034,15,Red TV Big Dick,http://rhsbjv7k.tvclub.xyz/iptv/X3SB52VH9P584RLVQNY5ARNB/6176/index.m3u8,102
1759205037,15,Red TV Big Tits,http://rhsbjv7k.tvclub.xyz/iptv/X3SB52VH9P584RLVQNY5ARNB/6177/index.m3u8,102
1759205039,10,Blacked HD,http://rhsbjv7k.tvclub.xyz/iptv/X3SB52VH9P584RLVQNY5ARNB/6178/index.m3u8,97
1759205049,14,Red TV Blowjob,http://rhsbjv7k.tvclub.xyz/iptv/X3SB52VH9P584RLVQNY5ARNB/6180/index.m3u8,101
1759205051,15,Brazzers eXXtra,http://rhsbjv7k.tvclub.xyz/iptv/X3SB52VH9P584RLVQNY5ARNB/6181/index.m3u8,102
1759205055,11,Brazzers HD,http://rhsbjv7k.tvclub.xyz/iptv/X3SB52VH9P584RLVQNY5ARNB/6182/index.m3u8,98
1759205058,15,Red TV Brunette,http://rhsbjv7k.tvclub.xyz/iptv/X3SB52VH9P584RLVQNY5ARNB/6183/index.m3u8,102
1759205060,12,Cherry Pimps,http://rhsbjv7k.tvclub.xyz/iptv/X3SB52VH9P584RLVQNY5ARNB/6185/index.m3u8,99
1759205451,19,Club Sweethearts HD,http://rhsbjv7k.tvclub.xyz/iptv/X3SB52VH9P584RLVQNY5ARNB/6186/index.m3u8,106
1759205644,18,Red TV Compilation,http://rhsbjv7k.tvclub.xyz/iptv/X3SB52VH9P584RLVQNY5ARNB/6187/index.m3u8,105
1759205647,14,Red TV Cuckold,http://rhsbjv7k.tvclub.xyz/iptv/X3SB52VH9P584RLVQNY5ARNB/6188/index.m3u8,101
1759205649,10,Cum Louder,http://rhsbjv7k.tvclub.xyz/iptv/X3SB52VH9P584RLVQNY5ARNB/6189/index.m3u8,97
1759206024,13,Daughter Swap,http://rhsbjv7k.tvclub.xyz/iptv/X3SB52VH9P584RLVQNY5ARNB/6191/index.m3u8,100
1759206027,19,Day with a Pornstar,http://rhsbjv7k.tvclub.xyz/iptv/X3SB52VH9P584RLVQNY5ARNB/6192/index.m3u8,106
1759206030,9,DDF Busty,http://rhsbjv7k.tvclub.xyz/iptv/X3SB52VH9P584RLVQNY5ARNB/6193/index.m3u8,95
1759206037,11,DDF Network,http://rhsbjv7k.tvclub.xyz/iptv/X3SB52VH9P584RLVQNY5ARNB/6194/index.m3u8,98
1759206048,17,Digital Desire HD,http://rhsbjv7k.tvclub.xyz/iptv/X3SB52VH9P584RLVQNY5ARNB/6195/index.m3u8,104
1759206053,21,Digital Playground HD,http://rhsbjv7k.tvclub.xyz/iptv/X3SB52VH9P584RLVQNY5ARNB/6196/index.m3u8,108
1759206409,11,Dorcel Club,http://rhsbjv7k.tvclub.xyz/iptv/X3SB52VH9P584RLVQNY5ARNB/6197/index.m3u8,98
1759206419,11,Porn Angels,http://rhsbjv7k.tvclub.xyz/iptv/X3SB52VH9P584RLVQNY5ARNB/6198/index.m3u8,98
1759206423,13,Evil Angel HD,http://rhsbjv7k.tvclub.xyz/iptv/X3SB52VH9P584RLVQNY5ARNB/6199/index.m3u8,100
1759206426,14,Evolved Fights,http://rhsbjv7k.tvclub.xyz/iptv/X3SB52VH9P584RLVQNY5ARNB/6200/index.m3u8,101
1759206434,12,Fake Taxi HD,http://rhsbjv7k.tvclub.xyz/iptv/X3SB52VH9P584RLVQNY5ARNB/6202/index.m3u8,99
1759206558,18,Fap TV Compilation,http://rhsbjv7k.tvclub.xyz/iptv/X3SB52VH9P584RLVQNY5ARNB/6208/index.m3u8,105
1759206656,6,FemJoy,http://rhsbjv7k.tvclub.xyz/iptv/X3SB52VH9P584RLVQNY5ARNB/6212/index.m3u8,92
1759206720,13,Red TV Fetish,http://rhsbjv7k.tvclub.xyz/iptv/X3SB52VH9P584RLVQNY5ARNB/6213/index.m3u8,100
1759206723,15,Red TV Gangbang,http://rhsbjv7k.tvclub.xyz/iptv/X3SB52VH9P584RLVQNY5ARNB/6214/index.m3u8,102
1759206732,10,Red TV Gay,http://rhsbjv7k.tvclub.xyz/iptv/X3SB52VH9P584RLVQNY5ARNB/6215/index.m3u8,97
1759206735,8,Got MYLF,http://rhsbjv7k.tvclub.xyz/iptv/X3SB52VH9P584RLVQNY5ARNB/6216/index.m3u8,94
1759206750,21,DDF Hands on Hardcore,http://rhsbjv7k.tvclub.xyz/iptv/X3SB52VH9P584RLVQNY5ARNB/6217/index.m3u8,108
1759206766,6,Hard X,http://rhsbjv7k.tvclub.xyz/iptv/X3SB52VH9P584RLVQNY5ARNB/6218/index.m3u8,92
1759206768,15,Red TV Hardcore,http://rhsbjv7k.tvclub.xyz/iptv/X3SB52VH9P584RLVQNY5ARNB/6219/index.m3u8,102
1759206775,12,Hitzefrei HD,http://rhsbjv7k.tvclub.xyz/iptv/X3SB52VH9P584RLVQNY5ARNB/6220/index.m3u8,99
1759206778,5,Holed,http://rhsbjv7k.tvclub.xyz/iptv/X3SB52VH9P584RLVQNY5ARNB/6221/index.m3u8,91
1759206781,12,Hot and Mean,http://rhsbjv7k.tvclub.xyz/iptv/X3SB52VH9P584RLVQNY5ARNB/6222/index.m3u8,99
1759206788,13,Hot Guys Fuck,http://rhsbjv7k.tvclub.xyz/iptv/X3SB52VH9P584RLVQNY5ARNB/6223/index.m3u8,100
1759206889,18,Red TV Interracial,http://rhsbjv7k.tvclub.xyz/iptv/X3SB52VH9P584RLVQNY5ARNB/6224/index.m3u8,105
1759206892,9,Japan HDV,http://rhsbjv7k.tvclub.xyz/iptv/X3SB52VH9P584RLVQNY5ARNB/6225/index.m3u8,95
1759206898,13,Red TV Latina,http://rhsbjv7k.tvclub.xyz/iptv/X3SB52VH9P584RLVQNY5ARNB/6226/index.m3u8,100
1759206901,6,Lesbea,http://rhsbjv7k.tvclub.xyz/iptv/X3SB52VH9P584RLVQNY5ARNB/6227/index.m3u8,92
1759206906,14,Red TV Lesbian,http://rhsbjv7k.tvclub.xyz/iptv/X3SB52VH9P584RLVQNY5ARNB/6228/index.m3u8,101
1759206909,15,Lethal Hardcore,http://rhsbjv7k.tvclub.xyz/iptv/X3SB52VH9P584RLVQNY5ARNB/6229/index.m3u8,102
1759207154,16,Little Asians HD,http://rhsbjv7k.tvclub.xyz/iptv/X3SB52VH9P584RLVQNY5ARNB/6230/index.m3u8,103
1759207243,16,Red TV Live Cams,http://rhsbjv7k.tvclub.xyz/iptv/X3SB52VH9P584RLVQNY5ARNB/6231/index.m3u8,103
1759207251,11,Lust Cinema,http://rhsbjv7k.tvclub.xyz/iptv/X3SB52VH9P584RLVQNY5ARNB/6232/index.m3u8,98
1759207253,9,MetArt HD,http://rhsbjv7k.tvclub.xyz/iptv/X3SB52VH9P584RLVQNY5ARNB/6233/index.m3u8,95
1759207383,11,Red TV Milf,http://rhsbjv7k.tvclub.xyz/iptv/X3SB52VH9P584RLVQNY5ARNB/6234/index.m3u8,98
1759207387,16,Monsters of Cock,http://rhsbjv7k.tvclub.xyz/iptv/X3SB52VH9P584RLVQNY5ARNB/6235/index.m3u8,103
1759207616,10,MYLF TV HD,http://rhsbjv7k.tvclub.xyz/iptv/X3SB52VH9P584RLVQNY5ARNB/6236/index.m3u8,97
1759207718,15,Naughty America,http://rhsbjv7k.tvclub.xyz/iptv/X3SB52VH9P584RLVQNY5ARNB/6237/index.m3u8,102
1759207899,13,Nubiles TV HD,http://rhsbjv7k.tvclub.xyz/iptv/X3SB52VH9P584RLVQNY5ARNB/6238/index.m3u8,100
1759208263,13,Pink Erotic 3,http://rhsbjv7k.tvclub.xyz/iptv/X3SB52VH9P584RLVQNY5ARNB/6240/index.m3u8,100
1759208272,13,Pink Erotic 4,http://rhsbjv7k.tvclub.xyz/iptv/X3SB52VH9P584RLVQNY5ARNB/6241/index.m3u8,100
1759208276,12,Playboy Plus,http://rhsbjv7k.tvclub.xyz/iptv/X3SB52VH9P584RLVQNY5ARNB/6242/index.m3u8,99
1759208457,,,http://rhsbjv7k.tvclub.xyz/iptv/X3SB52VH9P584RLVQNY5ARNB/6242/index.m3u8,85
1759208522,,,http://rhsbjv7k.tvclub.xyz/iptv/X3SB52VH9P584RLVQNY5ARNB/6242/index.m3u8,85
1759208579,,,http://rhsbjv7k.tvclub.xyz/iptv/X3SB52VH9P584RLVQNY5ARNB/6242/index.m3u8,85
1759208658,,,http://rhsbjv7k.tvclub.xyz/iptv/X3SB52VH9P584RLVQNY5ARNB/6242/index.m3u8,85
1759208687,,,http://rhsbjv7k.tvclub.xyz/iptv/X3SB52VH9P584RLVQNY5ARNB/6243/index.m3u8,85
1759208691,,,http://rhsbjv7k.tvclub.xyz/iptv/X3SB52VH9P584RLVQNY5ARNB/6244/index.m3u8,85
1759208694,,,http://rhsbjv7k.tvclub.xyz/iptv/X3SB52VH9P584RLVQNY5ARNB/6245/index.m3u8,85
1759208847,,,http://rhsbjv7k.tvclub.xyz/iptv/X3SB52VH9P584RLVQNY5ARNB/6246/index.m3u8,85
1759208850,,,http://rhsbjv7k.tvclub.xyz/iptv/X3SB52VH9P584RLVQNY5ARNB/6247/index.m3u8,85
1759208853,,,http://rhsbjv7k.tvclub.xyz/iptv/X3SB52VH9P584RLVQNY5ARNB/6248/index.m3u8,85
1759208857,,,http://rhsbjv7k.tvclub.xyz/iptv/X3SB52VH9P584RLVQNY5ARNB/6249/index.m3u8,85
1759208860,,,http://rhsbjv7k.tvclub.xyz/iptv/X3SB52VH9P584RLVQNY5ARNB/6250/index.m3u8,85
1759208861,,,http://rhsbjv7k.tvclub.xyz/iptv/X3SB52VH9P584RLVQNY5ARNB/6251/index.m3u8,85
1759208865,,,http://rhsbjv7k.tvclub.xyz/iptv/X3SB52VH9P584RLVQNY5ARNB/6252/index.m3u8,85
1759208867,,,http://rhsbjv7k.tvclub.xyz/iptv/X3SB52VH9P584RLVQNY5ARNB/6253/index.m3u8,85
1759208869,,,http://rhsbjv7k.tvclub.xyz/iptv/X3SB52VH9P584RLVQNY5ARNB/6255/index.m3u8,85
1759208871,,,http://rhsbjv7k.tvclub.xyz/iptv/X3SB52VH9P584RLVQNY5ARNB/6256/index.m3u8,85
1759208875,,,http://rhsbjv7k.tvclub.xyz/iptv/X3SB52VH9P584RLVQNY5ARNB/6257/index.m3u8,85
1759208877,,,http://rhsbjv7k.tvclub.xyz/iptv/X3SB52VH9P584RLVQNY5ARNB/6258/index.m3u8,85
1759209093,,,http://rhsbjv7k.tvclub.xyz/iptv/X3SB52VH9P584RLVQNY5ARNB/6259/index.m3u8,85
1759209096,,,http://rhsbjv7k.tvclub.xyz/iptv/X3SB52VH9P584RLVQNY5ARNB/6260/index.m3u8,85
1759209219,,,http://rhsbjv7k.tvclub.xyz/iptv/X3SB52VH9P584RLVQNY5ARNB/6260/index.m3u8,85
1759209307,,,http://rhsbjv7k.tvclub.xyz/iptv/X3SB52VH9P584RLVQNY5ARNB/6260/index.m3u8,85
1759209379,,,http://rhsbjv7k.tvclub.xyz/iptv/X3SB52VH9P584RLVQNY5ARNB/6260/index.m3u8,85
1759209440,,,http://rhsbjv7k.tvclub.xyz/iptv/X3SB52VH9P584RLVQNY5ARNB/6260/index.m3u8,85
1759209628,13,True Amateurs,http://rhsbjv7k.tvclub.xyz/iptv/X3SB52VH9P584RLVQNY5ARNB/6260/index.m3u8,100
1759214044,138,Мурашки от этой песни! Душу рвет! Послушайте! НЕЗНАКОМКА Вячеслав Сидоренко,https://youtu.be/SSFGmtdEtms?si=K3xCBV4meHpOR8uM,202
1759214234,138,Мурашки от этой песни! Душу рвет! Послушайте! НЕЗНАКОМКА Вячеслав Сидоренко,https://youtu.be/SSFGmtdEtms?si=K3xCBV4meHpOR8uM,202
1759214293,139,По битому стеклу - Мужской крик души. Песня, которая пробирает до мурашек (2025),https://youtu.be/YbwwyY9n2PI?si=DezPp6umkTOYfcDF,203
1759214326,138,Мурашки от этой песни! Душу рвет! Послушайте! НЕЗНАКОМКА Вячеслав Сидоренко,https://www.youtube.com/watch?v=SSFGmtdEtms,197
1759214343,138,Мурашки от этой песни! Душу рвет! Послушайте! НЕЗНАКОМКА Вячеслав Сидоренко,https://www.youtube.com/watch?v=SSFGmtdEtms,197
1759214603,16,Paramount Comedy,http://127.0.0.1:6878/ace/getstream?id=5680521f0e507f2c6f55f3de8dd79351615116c5,110
1759214641,16,Paramount Comedy,http://127.0.0.1:6878/ace/getstream?id=5680521f0e507f2c6f55f3de8dd79351615116c5,110
1759214652,12,Hollywood HD,http://127.0.0.1:6878/ace/getstream?id=3cacfef48b11ea2a81282c4b49b3eac4d7cce501,106
1759214668,43,Furiosa: A Mad Max Saga (2024) from seleZen,/home/safe/Furiosa.A.Mad.Max.Saga.2024.BDREMUX.2160p.HDR.DVP7.seleZen.mkv,131
1759214675,12,Hollywood HD,http://127.0.0.1:6878/ace/getstream?id=3cacfef48b11ea2a81282c4b49b3eac4d7cce501,106
1759214875,13,True Amateurs,http://rhsbjv7k.tvclub.xyz/iptv/X3SB52VH9P584RLVQNY5ARNB/6260/index.m3u8,100
1759215050,24,Sky Sports News HD 50 UK,http://rhsbjv7k.tvclub.xyz/iptv/X3SB52VH9P584RLVQNY5ARNB/9314/index.m3u8,111
1759215076,13,True Amateurs,http://rhsbjv7k.tvclub.xyz/iptv/X3SB52VH9P584RLVQNY5ARNB/6260/index.m3u8,100
1759215082,8,Tushy HD,http://rhsbjv7k.tvclub.xyz/iptv/X3SB52VH9P584RLVQNY5ARNB/6261/index.m3u8,94
1759215089,12,Tushy RAW HD,http://rhsbjv7k.tvclub.xyz/iptv/X3SB52VH9P584RLVQNY5ARNB/6262/index.m3u8,99
1759215102,24,Sky Sports News HD 50 UK,http://rhsbjv7k.tvclub.xyz/iptv/X3SB52VH9P584RLVQNY5ARNB/9314/index.m3u8,111
1759215107,33,Экоспаскоми (Коми),http://rhsbjv7k.tvclub.xyz/iptv/X3SB52VH9P584RLVQNY5ARNB/17018/index.m3u8,121
1759215110,16,Крик ТВ HD,http://rhsbjv7k.tvclub.xyz/iptv/X3SB52VH9P584RLVQNY5ARNB/15012/index.m3u8,104
1759215190,138,Мурашки от этой песни! Душу рвет! Послушайте! НЕЗНАКОМКА Вячеслав Сидоренко,https://www.youtube.com/watch?v=SSFGmtdEtms,197
1759215197,139,По битому стеклу - Мужской крик души. Песня, которая пробирает до мурашек (2025),https://youtu.be/YbwwyY9n2PI?si=DezPp6umkTOYfcDF,203
1759215266,138,Мурашки от этой песни! Душу рвет! Послушайте! НЕЗНАКОМКА Вячеслав Сидоренко,https://www.youtube.com/watch?v=SSFGmtdEtms,197
